2025-09-11 20:39:36,666 - crud - INFO - Starting OAuth login flow...
2025-09-11 20:39:36,667 - crud - DEBUG - Navigating to login URL: https://nuu-cloud.replit.app/auth/login
2025-09-11 20:39:36,676 - urllib3.connectionpool - DEBUG - Starting new HTTPS connection (1): nuu-cloud.replit.app:443
2025-09-11 20:39:37,100 - urllib3.connectionpool - DEBUG - https://nuu-cloud.replit.app:443 "GET /auth/login HTTP/1.1" 200 2195
2025-09-11 20:39:37,101 - crud - INFO - OAuth login successful - session established
2025-09-11 20:39:47,695 - crud - INFO - Starting OAuth login flow...
2025-09-11 20:39:47,697 - crud - DEBUG - Navigating to login URL: https://nuu-cloud.replit.app/auth/login
2025-09-11 20:39:47,699 - urllib3.connectionpool - DEBUG - Starting new HTTPS connection (1): nuu-cloud.replit.app:443
2025-09-11 20:39:48,108 - urllib3.connectionpool - DEBUG - https://nuu-cloud.replit.app:443 "GET /auth/login HTTP/1.1" 200 2195
2025-09-11 20:39:48,109 - crud - INFO - OAuth login successful - session established
2025-09-11 20:40:05,422 - crud - INFO - Starting OAuth login flow...
2025-09-11 20:40:05,423 - crud - DEBUG - Navigating to login URL: https://nuu-cloud.replit.app/auth/login
2025-09-11 20:40:05,426 - urllib3.connectionpool - DEBUG - Starting new HTTPS connection (1): nuu-cloud.replit.app:443
2025-09-11 20:40:12,174 - crud - INFO - Starting OAuth login flow...
2025-09-11 20:40:12,175 - crud - DEBUG - Navigating to login URL: https://nuu-cloud.replit.app/auth/login
2025-09-11 20:40:12,177 - urllib3.connectionpool - DEBUG - Starting new HTTPS connection (1): nuu-cloud.replit.app:443
2025-09-11 20:40:12,566 - urllib3.connectionpool - DEBUG - https://nuu-cloud.replit.app:443 "GET /auth/login HTTP/1.1" 200 2195
2025-09-11 20:40:12,567 - crud - INFO - OAuth login successful - session established
2025-09-11 20:40:18,644 - crud - INFO - Uploading media: test.png
2025-09-11 20:40:18,863 - urllib3.connectionpool - DEBUG - https://nuu-cloud.replit.app:443 "POST /api/v1/media HTTP/1.1" 401 26
2025-09-11 20:40:18,864 - crud - ERROR - Error uploading media test.png: 401 Client Error: Unauthorized for url: https://nuu-cloud.replit.app/api/v1/media
2025-09-11 20:40:45,021 - crud - INFO - Uploading document: test.pdf
2025-09-11 20:40:45,275 - urllib3.connectionpool - DEBUG - https://nuu-cloud.replit.app:443 "POST /api/v1/pdfs HTTP/1.1" 401 26
2025-09-11 20:40:45,276 - crud - ERROR - Error uploading PDF test.pdf: 401 Client Error: Unauthorized for url: https://nuu-cloud.replit.app/api/v1/pdfs
2025-09-11 20:40:47,760 - crud - INFO - Uploading document: test.md
2025-09-11 20:40:48,010 - urllib3.connectionpool - DEBUG - https://nuu-cloud.replit.app:443 "POST /api/v1/documents HTTP/1.1" 401 26
2025-09-11 20:40:48,011 - crud - ERROR - Error uploading markdown test.md: 401 Client Error: Unauthorized for url: https://nuu-cloud.replit.app/api/v1/documents
2025-09-11 20:40:50,826 - crud - INFO - Listing media...
2025-09-11 20:40:51,079 - urllib3.connectionpool - DEBUG - https://nuu-cloud.replit.app:443 "GET /api/v1/media HTTP/1.1" 401 26
2025-09-11 20:40:51,079 - crud - ERROR - Failed to list media: 401 Client Error: Unauthorized for url: https://nuu-cloud.replit.app/api/v1/media
2025-09-11 20:41:05,534 - crud - INFO - Starting OAuth login flow...
2025-09-11 20:41:05,536 - crud - DEBUG - Navigating to login URL: https://nuu-cloud.replit.app/auth/login
2025-09-11 20:41:05,537 - urllib3.connectionpool - DEBUG - Starting new HTTPS connection (1): nuu-cloud.replit.app:443
2025-09-11 20:41:05,911 - urllib3.connectionpool - DEBUG - https://nuu-cloud.replit.app:443 "GET /auth/login HTTP/1.1" 200 2195
2025-09-11 20:41:05,912 - crud - INFO - OAuth login successful - session established
2025-09-11 20:41:25,733 - crud - INFO - Starting OAuth login flow...
2025-09-11 20:41:25,734 - crud - DEBUG - Navigating to login URL: https://nuu-cloud.replit.app/auth/login
2025-09-11 20:41:25,735 - urllib3.connectionpool - DEBUG - Starting new HTTPS connection (1): nuu-cloud.replit.app:443
2025-09-11 20:41:26,159 - urllib3.connectionpool - DEBUG - https://nuu-cloud.replit.app:443 "GET /auth/login HTTP/1.1" 200 2195
2025-09-11 20:41:26,161 - crud - INFO - OAuth login successful - session established
2025-09-11 20:41:26,162 - crud - INFO - Uploading document: test.md
2025-09-11 20:41:26,468 - urllib3.connectionpool - DEBUG - https://nuu-cloud.replit.app:443 "POST /api/v1/documents HTTP/1.1" 401 26
2025-09-11 20:41:26,469 - crud - ERROR - Error uploading markdown test.md: 401 Client Error: Unauthorized for url: https://nuu-cloud.replit.app/api/v1/documents
2025-09-11 20:41:26,470 - crud - INFO - Uploading document: test.pdf
2025-09-11 20:41:26,775 - urllib3.connectionpool - DEBUG - https://nuu-cloud.replit.app:443 "POST /api/v1/pdfs HTTP/1.1" 401 26
2025-09-11 20:41:26,776 - crud - ERROR - Error uploading PDF test.pdf: 401 Client Error: Unauthorized for url: https://nuu-cloud.replit.app/api/v1/pdfs
2025-09-11 20:41:26,777 - crud - INFO - Uploading media: test.png
2025-09-11 20:41:27,023 - urllib3.connectionpool - DEBUG - https://nuu-cloud.replit.app:443 "POST /api/v1/media HTTP/1.1" 401 26
2025-09-11 20:41:27,024 - crud - ERROR - Error uploading media test.png: 401 Client Error: Unauthorized for url: https://nuu-cloud.replit.app/api/v1/media
2025-09-11 20:41:27,024 - crud - INFO - Listing documents...
2025-09-11 20:41:27,301 - urllib3.connectionpool - DEBUG - https://nuu-cloud.replit.app:443 "GET /api/v1/documents HTTP/1.1" 401 26
2025-09-11 20:41:27,301 - crud - ERROR - Failed to list documents: 401 Client Error: Unauthorized for url: https://nuu-cloud.replit.app/api/v1/documents
2025-09-11 20:41:27,302 - crud - INFO - Listing media...
2025-09-11 20:41:27,621 - urllib3.connectionpool - DEBUG - https://nuu-cloud.replit.app:443 "GET /api/v1/media HTTP/1.1" 401 26
2025-09-11 20:41:27,622 - crud - ERROR - Failed to list media: 401 Client Error: Unauthorized for url: https://nuu-cloud.replit.app/api/v1/media
2025-09-11 20:42:51,377 - crud - INFO - Starting OAuth login flow...
2025-09-11 20:42:51,378 - crud - DEBUG - Navigating to login URL: https://nuu-cloud.replit.app/auth/login
2025-09-11 20:42:51,379 - urllib3.connectionpool - DEBUG - Starting new HTTPS connection (1): nuu-cloud.replit.app:443
2025-09-11 20:42:51,745 - urllib3.connectionpool - DEBUG - https://nuu-cloud.replit.app:443 "GET /auth/login HTTP/1.1" 200 2195
2025-09-11 20:42:51,746 - crud - INFO - OAuth login successful - session established
2025-09-11 20:48:13,453 - crud - INFO - Starting OAuth login flow...
2025-09-11 20:48:13,456 - urllib3.connectionpool - DEBUG - Starting new HTTPS connection (1): nuu-cloud.replit.app:443
2025-09-11 20:48:13,906 - urllib3.connectionpool - DEBUG - https://nuu-cloud.replit.app:443 "GET /auth/login HTTP/1.1" 200 2195
2025-09-11 20:48:13,908 - crud - ERROR - Login failed: no session cookies found
2025-09-11 20:54:00,810 - crud - INFO - Starting OAuth login flow...
2025-09-11 20:54:00,813 - urllib3.connectionpool - DEBUG - Starting new HTTPS connection (1): nuu-cloud.replit.app:443
2025-09-11 20:54:01,224 - urllib3.connectionpool - DEBUG - https://nuu-cloud.replit.app:443 "GET /auth/login HTTP/1.1" 200 2195
2025-09-11 20:54:01,226 - crud - INFO - OAuth login successful - session cookie stored
2025-09-11 20:55:27,542 - crud - INFO - Starting OAuth login flow...
2025-09-11 20:55:27,544 - urllib3.connectionpool - DEBUG - Starting new HTTPS connection (1): nuu-cloud.replit.app:443
2025-09-11 20:55:27,961 - urllib3.connectionpool - DEBUG - https://nuu-cloud.replit.app:443 "GET /auth/login HTTP/1.1" 200 2195
2025-09-11 20:55:27,962 - crud - INFO - OAuth login successful - session cookie stored
2025-09-11 20:55:32,082 - crud - INFO - Starting OAuth login flow...
2025-09-11 20:55:32,084 - urllib3.connectionpool - DEBUG - Starting new HTTPS connection (1): nuu-cloud.replit.app:443
2025-09-11 20:55:32,475 - urllib3.connectionpool - DEBUG - https://nuu-cloud.replit.app:443 "GET /auth/login HTTP/1.1" 200 2195
2025-09-11 20:55:32,476 - crud - INFO - OAuth login successful - session cookie stored
2025-09-11 20:55:35,417 - crud - INFO - Starting OAuth login flow...
2025-09-11 20:55:35,419 - urllib3.connectionpool - DEBUG - Starting new HTTPS connection (1): nuu-cloud.replit.app:443
2025-09-11 20:55:35,811 - urllib3.connectionpool - DEBUG - https://nuu-cloud.replit.app:443 "GET /auth/login HTTP/1.1" 200 2195
2025-09-11 20:55:35,812 - crud - INFO - OAuth login successful - session cookie stored
2025-09-11 20:55:37,784 - crud - INFO - Uploading media: test.png
2025-09-11 20:55:38,010 - urllib3.connectionpool - DEBUG - https://nuu-cloud.replit.app:443 "POST /api/v1/media HTTP/1.1" 401 26
2025-09-11 20:55:38,011 - crud - ERROR - Error uploading media test.png: 401 Client Error: Unauthorized for url: https://nuu-cloud.replit.app/api/v1/media
2025-09-11 20:55:49,478 - crud - INFO - Listing documents...
2025-09-11 20:55:49,692 - urllib3.connectionpool - DEBUG - https://nuu-cloud.replit.app:443 "GET /api/v1/documents HTTP/1.1" 401 26
2025-09-11 20:55:49,692 - crud - ERROR - Failed to list documents: 401 Client Error: Unauthorized for url: https://nuu-cloud.replit.app/api/v1/documents
2025-09-11 20:56:21,742 - crud - INFO - Starting OAuth login flow...
2025-09-11 20:56:21,744 - urllib3.connectionpool - DEBUG - Starting new HTTPS connection (1): nuu-cloud.replit.app:443
2025-09-11 20:56:22,147 - urllib3.connectionpool - DEBUG - https://nuu-cloud.replit.app:443 "GET /auth/login HTTP/1.1" 200 2195
2025-09-11 20:56:22,148 - crud - INFO - OAuth login successful - session cookie stored
2025-09-11 20:56:27,513 - crud - INFO - Starting OAuth login flow...
2025-09-11 20:56:27,515 - urllib3.connectionpool - DEBUG - Starting new HTTPS connection (1): nuu-cloud.replit.app:443
2025-09-11 20:56:27,934 - urllib3.connectionpool - DEBUG - https://nuu-cloud.replit.app:443 "GET /auth/login HTTP/1.1" 200 2195
2025-09-11 20:56:27,935 - crud - INFO - OAuth login successful - session cookie stored
2025-09-11 20:56:51,736 - crud - INFO - Starting OAuth login flow...
2025-09-11 20:56:51,739 - urllib3.connectionpool - DEBUG - Starting new HTTPS connection (1): nuu-cloud.replit.app:443
2025-09-11 20:56:52,085 - urllib3.connectionpool - DEBUG - https://nuu-cloud.replit.app:443 "GET /auth/login HTTP/1.1" 200 2195
2025-09-11 20:56:52,086 - crud - INFO - OAuth login successful - session cookie stored
2025-09-11 21:01:22,914 - crud - INFO - Starting OAuth login flow...
2025-09-11 21:01:22,917 - urllib3.connectionpool - DEBUG - Starting new HTTPS connection (1): nuu-cloud.replit.app:443
2025-09-11 21:01:23,342 - urllib3.connectionpool - DEBUG - https://nuu-cloud.replit.app:443 "GET /auth/login HTTP/1.1" 200 2195
2025-09-11 21:01:23,343 - crud - INFO - OAuth login successful - session cookie stored
2025-09-11 21:01:23,413 - crud - INFO - Uploading media: test.png
2025-09-11 21:01:23,675 - urllib3.connectionpool - DEBUG - https://nuu-cloud.replit.app:443 "POST /api/v1/media HTTP/1.1" 401 26
2025-09-11 21:01:23,676 - crud - ERROR - Error uploading media test.png: 401 Client Error: Unauthorized for url: https://nuu-cloud.replit.app/api/v1/media
2025-09-11 21:01:23,688 - crud - INFO - Uploading document: test.pdf
2025-09-11 21:01:23,979 - urllib3.connectionpool - DEBUG - https://nuu-cloud.replit.app:443 "POST /api/v1/pdfs HTTP/1.1" 401 26
2025-09-11 21:01:23,979 - crud - ERROR - Error uploading PDF test.pdf: 401 Client Error: Unauthorized for url: https://nuu-cloud.replit.app/api/v1/pdfs
2025-09-11 21:01:23,987 - crud - INFO - Uploading document: test.md
2025-09-11 21:01:24,276 - urllib3.connectionpool - DEBUG - https://nuu-cloud.replit.app:443 "POST /api/v1/documents HTTP/1.1" 401 26
2025-09-11 21:01:24,277 - crud - ERROR - Error uploading markdown test.md: 401 Client Error: Unauthorized for url: https://nuu-cloud.replit.app/api/v1/documents
2025-09-11 21:01:24,294 - crud - INFO - Listing media...
2025-09-11 21:01:24,559 - urllib3.connectionpool - DEBUG - https://nuu-cloud.replit.app:443 "GET /api/v1/media HTTP/1.1" 401 26
2025-09-11 21:01:24,560 - crud - ERROR - Failed to list media: 401 Client Error: Unauthorized for url: https://nuu-cloud.replit.app/api/v1/media
2025-09-11 21:01:24,570 - crud - INFO - Listing documents...
2025-09-11 21:01:24,849 - urllib3.connectionpool - DEBUG - https://nuu-cloud.replit.app:443 "GET /api/v1/documents HTTP/1.1" 401 26
2025-09-11 21:01:24,850 - crud - ERROR - Failed to list documents: 401 Client Error: Unauthorized for url: https://nuu-cloud.replit.app/api/v1/documents
2025-09-11 21:05:34,056 - crud - INFO - Starting OAuth login flow...
2025-09-11 21:05:34,058 - urllib3.connectionpool - DEBUG - Starting new HTTPS connection (1): nuu-cloud.replit.app:443
2025-09-11 21:05:34,462 - urllib3.connectionpool - DEBUG - https://nuu-cloud.replit.app:443 "GET /auth/login HTTP/1.1" 200 2195
2025-09-11 21:05:34,463 - crud - INFO - OAuth login successful - session cookie stored
2025-09-11 21:05:34,479 - crud - INFO - Uploading media: test.png
2025-09-11 21:05:34,752 - urllib3.connectionpool - DEBUG - https://nuu-cloud.replit.app:443 "POST /api/v1/media HTTP/1.1" 401 26
2025-09-11 21:05:34,753 - crud - ERROR - Error uploading media test.png: 401 Client Error: Unauthorized for url: https://nuu-cloud.replit.app/api/v1/media
2025-09-11 21:05:34,762 - crud - INFO - Uploading document: test.pdf
2025-09-11 21:05:35,354 - urllib3.connectionpool - DEBUG - https://nuu-cloud.replit.app:443 "POST /api/v1/pdfs HTTP/1.1" 401 26
2025-09-11 21:05:35,355 - crud - ERROR - Error uploading PDF test.pdf: 401 Client Error: Unauthorized for url: https://nuu-cloud.replit.app/api/v1/pdfs
2025-09-11 21:05:35,366 - crud - INFO - Uploading document: test.md
2025-09-11 21:05:35,651 - urllib3.connectionpool - DEBUG - https://nuu-cloud.replit.app:443 "POST /api/v1/documents HTTP/1.1" 401 26
2025-09-11 21:05:35,652 - crud - ERROR - Error uploading markdown test.md: 401 Client Error: Unauthorized for url: https://nuu-cloud.replit.app/api/v1/documents
2025-09-11 21:05:35,669 - crud - INFO - Listing media...
2025-09-11 21:05:35,905 - urllib3.connectionpool - DEBUG - https://nuu-cloud.replit.app:443 "GET /api/v1/media HTTP/1.1" 401 26
2025-09-11 21:05:35,906 - crud - ERROR - Failed to list media: 401 Client Error: Unauthorized for url: https://nuu-cloud.replit.app/api/v1/media
2025-09-11 21:05:35,915 - crud - INFO - Listing documents...
2025-09-11 21:05:36,180 - urllib3.connectionpool - DEBUG - https://nuu-cloud.replit.app:443 "GET /api/v1/documents HTTP/1.1" 401 26
2025-09-11 21:05:36,181 - crud - ERROR - Failed to list documents: 401 Client Error: Unauthorized for url: https://nuu-cloud.replit.app/api/v1/documents
